14379@LAPTOP-HHCVGN0D MINGW64 ~/Desktop/新建文件夹
$ mkdir test                                                                                              

14379@LAPTOP-HHCVGN0D MINGW64 ~/Desktop/新建文件夹
$ git config --global user.name 'Asssaw'

14379@LAPTOP-HHCVGN0D MINGW64 ~/Desktop/新建文件夹
$ git config --global user.email '1437974788@qq.com'

14379@LAPTOP-HHCVGN0D MINGW64 ~/Desktop/新建文件夹
$ cd test

14379@LAPTOP-HHCVGN0D MINGW64 ~/Desktop/新建文件夹/test
$ git init
Initialized empty Git repository in C:/Users/14379/Desktop/新建文件夹/test/.git/

14379@LAPTOP-HHCVGN0D MINGW64 ~/Desktop/新建文件夹/test (master)
$ touch a1.php

14379@LAPTOP-HHCVGN0D MINGW64 ~/Desktop/新建文件夹/test (master)
$ git status
On branch master

No commits yet

Untracked files:
  (use "git add <file>..." to include in what will be committed)
        a1.php

nothing added to commit but untracked files present (use "git add" to track)

14379@LAPTOP-HHCVGN0D MINGW64 ~/Desktop/新建文件夹/test (master)
$ git status
On branch master

No commits yet

nothing to commit (create/copy files and use "git add" to track)

14379@LAPTOP-HHCVGN0D MINGW64 ~/Desktop/新建文件夹/test (master)
$ touch a1.php

14379@LAPTOP-HHCVGN0D MINGW64 ~/Desktop/新建文件夹/test (master)
$ git status
On branch master

No commits yet

Untracked files:
  (use "git add <file>..." to include in what will be committed)
        a1.php

nothing added to commit but untracked files present (use "git add" to track)

14379@LAPTOP-HHCVGN0D MINGW64 ~/Desktop/新建文件夹/test (master)
$ git add a1.php

14379@LAPTOP-HHCVGN0D MINGW64 ~/Desktop/新建文件夹/test (master)
$ git status
On branch master

No commits yet

Changes to be committed:
  (use "git rm --cached <file>..." to unstage)
        new file:   a1.php


14379@LAPTOP-HHCVGN0D MINGW64 ~/Desktop/新建文件夹/test (master)
$ git commit -m
error: switch `m' requires a value

14379@LAPTOP-HHCVGN0D MINGW64 ~/Desktop/新建文件夹/test (master)
$ git commit -m 'add a1.php'
[master (root-commit) ef724f0] add a1.php
 1 file changed, 0 insertions(+), 0 deletions(-)
 create mode 100644 a1.php

14379@LAPTOP-HHCVGN0D MINGW64 ~/Desktop/新建文件夹/test (master)
$ git status
On branch master
nothing to commit, working tree clean

14379@LAPTOP-HHCVGN0D MINGW64 ~/Desktop/新建文件夹/test (master)
$ s
bash: s: command not found

14379@LAPTOP-HHCVGN0D MINGW64 ~/Desktop/新建文件夹/test (master)
$ ls
a1.php

14379@LAPTOP-HHCVGN0D MINGW64 ~/Desktop/新建文件夹/test (master)
$ vi a1.php

14379@LAPTOP-HHCVGN0D MINGW64 ~/Desktop/新建文件夹/test (master)
$ git status
On branch master
Changes not staged for commit:
  (use "git add <file>..." to update what will be committed)
  (use "git restore <file>..." to discard changes in working directory)
        modified:   a1.php

no changes added to commit (use "git add" and/or "git commit -a")

14379@LAPTOP-HHCVGN0D MINGW64 ~/Desktop/新建文件夹/test (master)
$ git add a1.php
warning: LF will be replaced by CRLF in a1.php.
The file will have its original line endings in your working directory

14379@LAPTOP-HHCVGN0D MINGW64 ~/Desktop/新建文件夹/test (master)
$ git status
On branch master
Changes to be committed:
  (use "git restore --staged <file>..." to unstage)
        modified:   a1.php


14379@LAPTOP-HHCVGN0D MINGW64 ~/Desktop/新建文件夹/test (master)
$ git commit -m 'add a1.php'
[master 64a40e4] add a1.php
 1 file changed, 1 insertion(+)

14379@LAPTOP-HHCVGN0D MINGW64 ~/Desktop/新建文件夹/test (master)
$ git status
On branch master
nothing to commit, working tree clean

14379@LAPTOP-HHCVGN0D MINGW64 ~/Desktop/新建文件夹/test (master)
$ rm -rf a1.php

14379@LAPTOP-HHCVGN0D MINGW64 ~/Desktop/新建文件夹/test (master)
$ git rm test.php
fatal: pathspec 'test.php' did not match any files

14379@LAPTOP-HHCVGN0D MINGW64 ~/Desktop/新建文件夹/test (master)
$ git commit -m '第一次通过git删除仓库文件'
On branch master
Changes not staged for commit:
  (use "git add/rm <file>..." to update what will be committed)
  (use "git restore <file>..." to discard changes in working directory)
        deleted:    a1.php

no changes added to commit (use "git add" and/or "git commit -a")

14379@LAPTOP-HHCVGN0D MINGW64 ~/Desktop/新建文件夹/test (master)
$ git status
On branch master
Changes not staged for commit:
  (use "git add/rm <file>..." to update what will be committed)
  (use "git restore <file>..." to discard changes in working directory)
        deleted:    a1.php

no changes added to commit (use "git add" and/or "git commit -a")

14379@LAPTOP-HHCVGN0D MINGW64 ~/Desktop/新建文件夹/test (master)
$ git rm a1.php
rm 'a1.php'

14379@LAPTOP-HHCVGN0D MINGW64 ~/Desktop/新建文件夹/test (master)
$ git commit -m '第一次通过git删除仓库文件'
[master b40bb70] 第一次通过git删除仓库文件
 1 file changed, 1 deletion(-)
 delete mode 100644 a1.php

14379@LAPTOP-HHCVGN0D MINGW64 ~/Desktop/新建文件夹/test (master)
$ git status
On branch master
nothing to commit, working tree clean

14379@LAPTOP-HHCVGN0D MINGW64 ~/Desktop/新建文件夹/test (master)
$
