14379@LAPTOP-HHCVGN0D MINGW64 ~/Desktop/新建文件夹
（创建一个test文件夹）$ mkdir test                                                                                              

14379@LAPTOP-HHCVGN0D MINGW64 ~/Desktop/新建文件夹
（初始化用户名）$ git config --global user.name 'Asssaw'

14379@LAPTOP-HHCVGN0D MINGW64 ~/Desktop/新建文件夹
（初始化邮箱）$ git config --global user.email '1437974788@qq.com'

14379@LAPTOP-HHCVGN0D MINGW64 ~/Desktop/新建文件夹
（打开test文件夹）$ cd test

14379@LAPTOP-HHCVGN0D MINGW64 ~/Desktop/新建文件夹/test
（生成隐藏文件.git）$ git init
Initialized empty Git repository in C:/Users/14379/Desktop/新建文件夹/test/.git/


-------------------------------至此初始化仓库完成，接下来向仓库添加文件


14379@LAPTOP-HHCVGN0D MINGW64 ~/Desktop/新建文件夹/test (master)
（检查当前git中状态，显示还没有文件）$ git status
On branch master

No commits yet

nothing to commit (create/copy files and use "git add" to track)

14379@LAPTOP-HHCVGN0D MINGW64 ~/Desktop/新建文件夹/test (master)
（新建a1.php文件）$ touch a1.php

14379@LAPTOP-HHCVGN0D MINGW64 ~/Desktop/新建文件夹/test (master)
（检查当前git中状态，显示目前还没有commit的，用git add命令来选中需要commit的（即提交到暂存区））$ git status
On branch master

No commits yet

Untracked files:
  (use "git add <file>..." to include in what will be committed)
        a1.php

nothing added to commit but untracked files present (use "git add" to track)

14379@LAPTOP-HHCVGN0D MINGW64 ~/Desktop/新建文件夹/test (master)
（提交到暂存区）$ git add a1.php

14379@LAPTOP-HHCVGN0D MINGW64 ~/Desktop/新建文件夹/test (master)
（检查当前git中状态）$ git status
On branch master

No commits yet

Changes to be committed:
  (use "git rm --cached <file>..." to unstage)
        new file:   a1.php

14379@LAPTOP-HHCVGN0D MINGW64 ~/Desktop/新建文件夹/test (master)
（提交到仓库）$ git commit -m 'add a1.php'
[master (root-commit) ef724f0] add a1.php
 1 file changed, 0 insertions(+), 0 deletions(-)
 create mode 100644 a1.php

14379@LAPTOP-HHCVGN0D MINGW64 ~/Desktop/新建文件夹/test (master)
（检查当前git中状态，显示没有文件，说明提交完成）$ git status
On branch master
nothing to commit, working tree clean


---------------------------------------------------以上是提交文件的操作


14379@LAPTOP-HHCVGN0D MINGW64 ~/Desktop/新建文件夹/test (master)
（显示当前目录下的名单）$ ls
a1.php

14379@LAPTOP-HHCVGN0D MINGW64 ~/Desktop/新建文件夹/test (master)
（修改文件内容）$ vi a1.php

14379@LAPTOP-HHCVGN0D MINGW64 ~/Desktop/新建文件夹/test (master)
（检查当前git中状态，显示已经是modified的文件）$ git status
On branch master
Changes not staged for commit:
  (use "git add <file>..." to update what will be committed)
  (use "git restore <file>..." to discard changes in working directory)
        modified:   a1.php

no changes added to commit (use "git add" and/or "git commit -a")

14379@LAPTOP-HHCVGN0D MINGW64 ~/Desktop/新建文件夹/test (master)
（添加到暂存区）$ git add a1.php
warning: LF will be replaced by CRLF in a1.php.
The file will have its original line endings in your working directory

14379@LAPTOP-HHCVGN0D MINGW64 ~/Desktop/新建文件夹/test (master)
（检查当前git中状态）$ git status
On branch master
Changes to be committed:
  (use "git restore --staged <file>..." to unstage)
        modified:   a1.php


14379@LAPTOP-HHCVGN0D MINGW64 ~/Desktop/新建文件夹/test (master)
（添加到仓库）$ git commit -m 'add a1.php'
[master 64a40e4] add a1.php
 1 file changed, 1 insertion(+)

14379@LAPTOP-HHCVGN0D MINGW64 ~/Desktop/新建文件夹/test (master)
$ git status
On branch master
nothing to commit, working tree clean


--------------------------------------------------------以上是修改的操作


14379@LAPTOP-HHCVGN0D MINGW64 ~/Desktop/新建文件夹/test (master)
（删除test文件夹中的a1.php文件）$ rm -rf a1.php

14379@LAPTOP-HHCVGN0D MINGW64 ~/Desktop/新建文件夹/test (master)
（删除仓库中的a1.php文件）$ git rm a1.php
rm 'a1.php'

14379@LAPTOP-HHCVGN0D MINGW64 ~/Desktop/新建文件夹/test (master)
（提交说明）$ git commit -m '第一次通过git删除仓库文件'
[master b40bb70] 第一次通过git删除仓库文件
 1 file changed, 1 deletion(-)
 delete mode 100644 a1.php

14379@LAPTOP-HHCVGN0D MINGW64 ~/Desktop/新建文件夹/test (master)
$ git status
On branch master
nothing to commit, working tree clean

